// Jest Snapshot v1, https://goo.gl/fbAQLP

exports[`renders a snapshot 1`] = `
<div
  className="App"
>
  <header
    className="App-header"
  >
    <img
      alt="logo"
      className="App-logo"
      src="logo.svg"
    />
    <p>
      Edit 
      <code>
        src/App.js
      </code>
       and save to reload.
    </p>
    <a
      className="App-link"
      href="https://reactjs.org"
      rel="noopener noreferrer"
      target="_blank"
    >
      Learn React
    </a>
  </header>
  <div>
    <div
      className="card"
    >
      <p
        className="card-text"
      >
        Seitenmaou
      </p>
      <div
        className="card-body"
      >
        <p
          className="card-text"
        >
          Some dude trying to be smart.
        </p>
      </div>
    </div>
  </div>
</div>
`;
